[    00000]inuxersi 4.10-23enric uildlgw0-ad64-5) (gccersi 7.3 (bunt7.3.0-16ubuntu3)) #25-Ubuntu SMP WeMay 23 18:0:1 UTC 28 (Uuntu 4.15.0-23.25-geneic 4..18)
   0.0000] Command line: BOOT_IMAGE=/boot/vmlinuz-4.15.0-23-genic root=UIDd422315644-4a-b614-b816b1700671 ro console=tty1 console=ttyS0
[    0.000000] KERNEL supported cpus:
[    0.000000]   Intel GenuineIntel
[    0.000000]   AMD AuthenticAMD
[    0.000000]   Centaur CentaurHauls
[    0.000000] x86/pu Suprting AVE feature 0x001: 'x87 floating point registers'
[    0.000000] x86/fpu: Supporting XSAVE feature 0x002: 'SSE registers'
[    0.000000] x86/fpu: Supporting XSAVE feature 0x004: 'AVX registers'
[    0.000000] x86/pu xste_offs[2]:  6, xstatsies[2]: 26
[  0.000000] x86/fpu: Enabled xstate features 0x7, context size is 832 bytes, using 'standard' format.
[    0.000000] e820: BIOS-provided physical RAM map:
[    0.000000] BIOS-e820: [mem 0x0000000000000000-0x000000000009fbff] usable
[    0.000000] BIOS-e820: [mem 0x000000000009fc00-0x000000000009ffff] reserved
[    0.0000] BI-e820:mem 0000000000f000-000000000fffff] reserved
[    0.000000] BIOS-e820: [mem 0x00000000100000-0000000feff] sable
[    0.000000] BIOS-e820: [mem 0xx00000000dfff0000-0x00000000dfffffff] ACPI data
[    0.000000] BIOS-e820: [mem 0x00000000fec00000-0x00000000fec00fff] reserved
[    0.000000] BIOS-e820: [mem 0x00000000fee00000-0x00000000fee00fff] reserved
[    0.000000] BIOS-e820: [mem 0x00000000fffc0000-0x00000000ffffffff] reserved
[    0.000000] BIOS-e820: [mem 0x0000000100000000-0x000000021fffffff] usable
[    0.000000] NX (Execute Disable) protection: active
[    0.000000] random: fast init done
[    0.000000] SMBIOS 2.5 present.
[    0.000000] DMI: innotek GmbH VirtualBox/VirtualBox, BIOS VirtualBox 12/01/2006
[    0.000000] Hypervisor detected: KVM
[    0.000000] e820: last_pfn = 0x220000 max_arch_pfn = 0x400000000
[    0.000000] MTRR: Disabled
[    0.000000] x86/PAT: MTRRs disabled, skipping PAT initialization too.
[    0.000000] CPU MTRRs all blank  viralized stem.
[  0.0000] x86/PAT: Confguation [0-7]: WB  T UC- UC  W  T  UC- UC  
[    0.0000] e0: lt_pf= 0xdf0 m_arcpfn = x400000
[   0.000] foun SP -tablet [m 0x009ff0-0x00ffff] ppedt [      (rval
[  0.0000]caning 1aras f lowemory cruptio
[  0.0000] MDIS [mem0x523b000-0x36914fff]
[    0.000000] ACPI: Early table checksum verification disabled
[    0.000000] ACPI: RSDP 0x00000000000E0000 000024 (v02 VBOX  )
[    0.000000] ACPI: XSDT 0x00000000DFFF0030 00003C (v01 VBOX   VBOXXSDT 00000001 ASL  00000061)
[    0.000000] ACPI: FACP 0x00000000DFFF00F0 0000F4 (v04 VBOX   VBOXFACP 00000001 ASL  000061)[   .00000 ACPI: DT 0x000000DF0480 21FFv02 OX   VXBIOS 0000000INL 200528)[    0.0000] PI: CS 0x00000DFFF00 000040
[    0.000000] ACPI: FACS 0x00000000DFFF0200 000040
[    0.000000] ACPI: APIC 0x00000000DFFF0240 00006C (v02 VBOX   VBOXAPIC 00000001 ASL  00000061)
[    0.000000] ACPI: SSDT 0x00000000DFFF02B0 0001CC (v0 VOX   BOXUT 0000000 ITL 200528)
   0.0000] NNUMA cfigutionfoun
[   0.000000] Faking a node at [mem 0x0000000000000000-0x000000021fffffff]
[  0.0000] NOD_DTA(0alocate[mem 01ffd10-0x2ffbf]
[  0.00000 kvmlock: u 0,sr 2ff5000 prima cpulock
[   000000]vm-cck: ing rs 464d0and 564d
[    0.000000] kvm-clock: using sched offset of 3302672205 cycles
[    0.000000] clocksource: kvm-clock: mask: 0xffffffffffffffff max_cycles: 0x1cd42e4dffb, max_idle_ns: 881590591483 ns
[    0.000000] Zone ranges:
[    0.000000]   DMA      [mem 0x0000000000001000-0x0000000000ffffff]
[    0.000000]   DMA32    [mem 0x0000000001000000-0x00000000ffffffff]
[    0.000000]   Normal   [mem 0x0000000100000000-0x000000021fffffff]
[    0.000000]   Device   empty
[    0.000000] Movable zone start for eh ode[   .0000] Eary emornodeange
[   0.0000]  no   0: me 0x0000000010-0x00000009ff][    000000] nod  0:mem 000000000000x0000000ffeff]
   00000   ne    [me0x000001000000-0x000002ffff]
[  .0000] Inme set nod0 mem 0000000001000x0000021ffff
[  0.0000] Rerved t unavlable: 98 pages
[    0.000000] ACPI: PM-Timer IO Port: 0x4008
[    0.000000] IOAPIC[0]: apic_id 4, version 32, address 0xfec00000, GSI 0-23
[    0.000000] ACPI: INT_SRC_OVR (bus 0 bus_irq 0 global_irq 2 dfl dfl)
[    0.000000] ACPI: INT_SRC_OVR (bus 0 bus_irq 9 global_irq 9 low level)
[    0.000000] Using ACPI (MADT) for SMP configuration information
[    0.000000] smpboot: Allowing 4 CPUs, 0 hotplug CPUs
[    0.000000] PM: Registered nosave memory: [mem 0x00000000-0x00000fff]
[    0.000000]M: Registered nosave memory: [mem 0x0009f000-0x0009ffff]
[    0.000000] PM: Registered nosave memory: [mem 0x000a0000-0x000effff]
[    0.000000] PM: Registered nosave memory: [mem 0x000f0000-0x000fffff]
[    0.000000] PM: Registered nosave memory: [mem 0xdfff0000-0xdfffffff]
[    0.000000] PM: Registered nosave memory: [mem 0xe0000000-0xfebfffff]
[    0.000000] PM: Registered nosave memory: [mem 0xfec00000-0xfec00fff]
[    0.000000] PM: Registered nosave memory: [mem 0xfec01000-0xfedfffff]
[    0.0000] PM:Reisterenosave memory: [mem 0xfee00000-0xfee00fff]
[    0.000000] PM: Registered nosave memory: [mem 0xfee01000-0xfffbffff]
[    0.000000] PM: Registered nosave memory: [mem 0xfffc0000-0xffffffff]
[    0.000000] e820: [mem 0xe0000000-0xfebfffff] available for PCI devices
[    0.000000] Booting paravirtualized kernel on KVM
[    0.000000] clocksource: refined-jiffies: mask: 0xffffffff max_cycles: 0xffffffff, max_idle_ns: 7645519600211568 ns
[    0.000000] setup_percpu: NR_CPUS:8192 nr_cpumask_bits:4 nr_cpu_ids:4 nr_node_ids:1
[    0.000000] percpu: Embedded 46 pages/cpu @        (ptrval) s151552 r8192 d28672 u524288
[    0.000000] PV qspinlock hash table entries: 256 (order: 0, 4096 bytes)
[    0.000000] Built 1 zonelists, mobility grouping on.  Total pages: 2064249
[    0.000000] Policy zone: Normal
[    0.000000] Kernel comma lin BOOIMAGE=oot/mlnuz-150-23ener rooUUID4b2318644-71-b4-b816700671o console=tty1 consolettyS0
[    0.000000] Memory: 8138192K/8388152K available (12300K kernel code, 2470K rwdata, 4240K rodata, 2408K init, 2416K bss, 249960K reserved, 0K cma-reserved)
[    0.000000] SLUB: HWalign=64 Ord=0-3,inObcts= CPU4, Ndes=
[  0.00000 Kern/Usepage tles oltionenable
[    00000 ftrac allating 39083 entries in 153 pages
[    0.004000] Hierarchical RCU implementation.
[    0.004000] 	RCU restricting CPUs from NR_CPUS=8192 to nr_cpu_ids=4.
[    0.004000] 	Tasks RCU enabled.
[    0.004000] RCU: Adjusting geometry for rcu_fanout_leaf=16, nr_cpu_ids=4
[    0.004000] NR_IRQS: 524544, nr_irqs: 456, preallocated irqs: 16
[    0.004000] Console: colour VGA+ 80x25
[    0.004000] console [tty1] enabled
[    0.004000] console [ttyS0] enabled
[    0.004000] ACPI: Core revision 20170831
[    0.004000] ACPI: 2 ACPI AML tables successfully acquired and loaded
[  0.004000] APIC: Switch to symmetric I/O mode setup
[    0.004184] x2apic enabled
[    0.004649] Switched APIC routing to physical x2apic.
[    0.005932] ..TIMER: vector=0x30 apic1=0 pin1=2 apic2=-1 pin2=-1
[    0.008001] tsc: Detected 4200.000 MHz processor
[    0.008466] Calibrating delay loop (skipped) preset value.. 8400.00 BogoMIPS (lpj=16800000)
[    0.008822] pid_max: default: 32768 minimum: 301
[    0.009311] Security Framework initialized
[    0.009733] Yama: becoming mindful.
[    0.010115] AppArmor: AppArmor initialized
[    0.016088] Dentry cache hash table entries: 1048576 (order: 11, 8388608 bytes)
[    0.024080] Inode-cache hash table entries: 524288 (order: 10, 4194304 bytes)
[    0.024850] Mount-cache hash table entries: 16384 (order: 5, 131072 bytes)
[    0.025524] Mountpoint-cache hash table entries: 16384 (order: 5, 131072 bytes)
[    0.026406] CPU: Physical Processor ID: 0
[    0.028004] CPU: Processor Core ID: 0
[    0.032018] mce: CPU supports 0 MCE banks
[    0.036011] Last level iTLB entries: 4KB 64, 2MB 8, 4MB 8
[    0.036554] Last level dTLB entries: 4KB 64, 2MB 0, 4MB 0, 1GB 4
[    0.037137] Spectre V2 : Mitigation: Full generic retpoline
[    0.037684] Spectre V2 : Spectre v2 mitigation: Filling RSB on context switch
[    0.040001] Speculative Store Bypass: Vulnerable
[    0.040566] Freeing SMP alternatives memory: 36K
[    0.044000] smpboot: CPU0: Intel(R) Core(TM) i7-7700K CPU @ 4.20GHz (family: 0x6, model: 0x9e, stepping: 0x9)
[    0.044000] Performance Events: unsupported p6 CPU model 158 no PMU driver, software events only.
[    0.044000] Hierarchical SRCU implementation.
[    0.044000] NMI watchdog: Perf event create on CPU 0 failed with -2
[    0.044001] NMI watchdog: Perf NMI watchdog permanently disabled
[    0.044634] smp: Bringing up secondary CPUs ...
[    0.045136] x86: Booting SMP configuration:
[    0.045566] .... node  #0, CPUs:      #1
[    0.004000] kvm-clock: cpu 1, msr 2:1ff50041, secondary cpu clock
[    0.004000] mce: CPU supports 0 MCE banks
[  0.048044]  #2
[    0.004000] kvm-clock: cpu 2, msr 2:1ff50081, secondary cpu clock
[    0.004000] mce: CPU supports 0 MCE banks
[    0.162496]  #3
[    0.004000] kvm-clock: cpu 3, msr 2:1ff500c1, secondary cpu clock
[    0.004000] mce: CPU supports 0 MCE banks
[    0.166264] smp: Brought up 1 node, 4 CPUs
[    0.166264] smpboot: Max logical packages: 1
[    0.168004] smpboot: Total of 4 processors activated (33600.00 BogoMIPS)
[    0.168824] devtmpfs: initialized
[    0.168824] x86/mm: Memory block size: 128MB
[    0.172367] evm: security.selinux
[    0.176006] evm: security.SMACK64
[    0.180005] evm: security.SMACK64EXEC
[    0.184003] evm: security.SMACK64TRANSMUTE
[    0.188003] evm: security.SMACK64MMAP
[    0.192004] evm: security.apparmor
[    0.196004] evm: security.ima
[    0.200004] evm: security.capability
[    0.204064] clocksource: jiffies: mask: 0xffffffff max_cycles: 0xffffffff, max_idle_ns: 7645041785100000 ns
[    0.208016] futex hash table entries: 1024 (order: 4, 65536 bytes)
[    0.212060] pinctrl core: initialized pinctrl subsystem
[    0.216087] RTC time:  3:10:07, date: 06/17/18
[    0.220193] NET: Registered protocol family 16
[    0.224061] audit: initializing netlink subsys (disabled)
[    0.228035] audit: type=2000 audit(1529204997.711:1): state=initialized audit_enabled=0 res=1
[    0.304007] cpuidle: using governor ladder
[    0.308012] cpuidle: using governor menu
[    0.308463] ACPI: bus type PCI registered
[    0.310818] acpiphp: ACPI Hot Plug PCI Controller Driver version: 0.5
[    0.312639] PCI: Using configuration type 1 for base access
[    0.313217] HugeTLB registered 2.00 MiB page size, pre-allocated 0 pages
[    0.316058] ACPI: Added _OSI(Module Device)
[    0.320005] ACPI: Added _OSI(Processor Device)
[    0.324004] ACPI: Added _OSI(3.0 _SCP Extensions)
[    0.328001] ACPI: Added _OSI(Processor Aggregator Device)
[    0.328719] ACPI: Executed 1 blocks of module-level executable AML code
[    0.331625] ACPI: Interpreter enabled
[    0.332000] ACPI: (supports S0 S5)
[    0.332000] ACPI: Using IOAPIC for interrupt routing
[    0.332180] PCI: Using host bridge windows from ACPI; if necessary, use "pci=nocrs" and report a bug
[    0.336124] ACPI: Enabled 2 GPEs in block 00 to 07
[    0.341855] ACPI: PCI Root Bridge [PCI0] (domain 0000 [bus 00-ff])
[    0.344011] acpi PNP0A03:00: _OSC: OS supports [ASPM ClockPM Segments MSI]
[    0.348026] acpi PNP0A03:00: _OSC: not requesting OS control; OS requires [ExtendedConfig ASPM ClockPM MSI]
[    0.350096] acpi PNP0A03:00: fail to add MMCONFIG information, can't access extended PCI configuration space under this bridge.
[    0.356130] PCI host bridge to bus 0000:00
[    0.356559] pci_bus 0000:00: root bus resource [io  0x0000-0x0cf7 window]
[    0.357216] pci_bus 0000:00: root bus resource [io  0x0d00-0xffff window]
[    0.360002] pci_bus 0000:00: root bus resource [mem 0x000a0000-0x000bffff window]
[    0.360753] pci_bus 0000:00: root bus resource [mem 0xe0000000-0xfdffffff window]
[    0.361497] pci_bus 0000:00: root bus resource [bus 00-ff]
[    0.364226] pci 0000:00:01.1: legacy IDE quirk: reg 0x10: [io  0x01f0-0x01f7]
[    0.364907] pci 0000:00:01.1: legacy IDE quirk: reg 0x14: [io  0x03f6]
[    0.368006] pci 0000:00:01.1: legacy IDE quirk: reg 0x18: [io  0x0170-0x0177]
[    0.372005] pci 0000:00:01.1: legacy IDE quirk: reg 0x1c: [io  0x0376]
[    0.445052] pci 0000:00:07.0: quirk: [io  0x4000-0x403f] claimed by PIIX4 ACPI
[    0.448016] pci 0000:00:07.0: quirk: [io  0x4100-0x410f] claimed by PIIX4 SMB
[    0.476979] ACPI: PCI Interrupt Link [LNKA] (IRQs 5 9 10 *11)
[    0.480236] ACPI: PCI Interrupt Link [LNKB] (IRQs 5 9 *10 11)
[    0.484117] ACPI: PCI Interrupt Link [LNKC] (IRQs 5 *9 10 11)
[    0.488110] ACPI: PCI Interrupt Link [LNKD] (IRQs 5 9 10 *11)
[    0.492256] SCSI subsystem initialized
[    0.500015] pci 0000:00:02.0: vgaarb: setting as boot VGA device
[    0.504000] pci 0000:00:02.0: vgaarb: VGA device added: decodes=io+mem,owns=io+mem,locks=none
[    0.504005] pci 0000:00:02.0: vgaarb: bridge control possible
[    0.508004] vgaarb: loaded
[    0.512031] ACPI: bus type USB registered
[    0.516027] usbcore: registered new interface driver usbfs
[    0.520020] usbcore: registered new interface driver hub
[    0.524030] usbcore: registered new device driver usb
[    0.528067] EDAC MC: Ver: 3.0.0
[    0.532133] PCI: Using ACPI for IRQ routing
[    0.536187] NetLabel: Initializing
[    0.540003] NetLabel:  domain hash size = 128
[    0.544001] NetLabel:  protocols = UNLABELED CIPSOv4 CALIPSO
[    0.548022] NetLabel:  unlabeled traffic allowed by default
[    0.552092] clocksource: Switched to clocksource kvm-clock
[    0.58636 V: skuos uo6.0
[  0.686] V: uocae shab eri: 2 rd 0406 bytes)
[  10521Aprmr:pprmr ilysemnaed[  20748pn: P PIni
   23887] p:nPACI: fouund dic
  2.975]loksrc apim:mak:0xfff axcyes0xfff,maide_s:207002 n
   3.579] T:egteedroco fmiy 
[  3.55596] T esblished shabe ntie: 53 (ode: , 248 te
[   4.497]CPinha tlentie 636(order:  1486 yt)[  52228 T: shabesongued (esblsh 653 bnd55)   5651]UDha tblenie 496(oer5,1372yt)   650863]DPitha tblenie: 09 (rdr:, 3172bys)[  71516] ETReisre potolfail 1
[  7.551628] pci 0000:00:00.0: Limiting direct PCI/PCI transfers
[    7.600598] pci 0000:00:01.0: Activating ISA DMA hang workarounds
[    7.12] i 00002. Video device with shadowed ROM at [mem 0x000c0000-0x000dffff]
[  7.851959] Unpacking initramfs...

[    8.123775] Freeinginrdmery 240K
[  83825] I-DM: sing softwarbocebufein f I (IOLB)
[    8.875013] software IO TLB [mem 0xdbff0000-0xdfff0000] (64MB) mapped at [0000000094d6333b-0000000047288297]
[    8.876261] patform rtc_cmos: registered platform RTC device (no PNP device found)
[    8.897083] Scanning for low memory corruption every 60 seconds

[    8.898484] Initialise system trusted keyrings
[    8.899133] Key type blacklist registered
[    8.946145wokise: imstp_ts36max_rd=2 bckt_rd=0  9.2475] zbud: loaded
[    6383sqsh: rsn 0 000131Phli Lgh
[   10.220563] tsc: Refined TSC clocksource calibration: 4200.733 MHz
[   10.225297] fuse init (API version 7.26)
[   10.227869] Key type asymmetric registered
[   10.227870] Asymmetric key parser 'x509' registered
[   10.227890] Block layer SCSI generic (bsg) driver version 0.4 loaded (major 246)
[   10.227940] io scheduler noop registered
[   10.227940] io scheduler deadline registered
[   10.227964] io scheduler cfq registered (default)
[   11.093758] clocksource: tsc: mask: 0xffffffffffffffff max_cycles: 0x3c8d16082ec, max_idle_ns: 440795331720 ns
[   11.349927] ACPI: AC Adapter [AC] (on-line)
[   11.405256] input: Power Button as /devices/LNXSYSTM:00/LNXPWRBN:00/input/input0
[   11.572178] ACPI: Power Button [PWRF]
[   11.683412] input: Sleep Button as /devices/LNXSYSTM:00/LNXSLPBN:00/input/input1
[   11.944810] ACPI: Sleep Button [SLPF]
[   12.012729] Serial: 8250/16550 driver, 32 ports, IRQ sharing enabled
[   12.035070] 00:02: ttyS0 at I/O 0x3f8 (irq = 4, base_baud = 115200) is a 16550A
[   12.183969] Linux agpgart interface v0.103
[   12.186145] loop: module loaded
[   12.186884] scsi host0: ata_piix
[   12.187388] scsi host1: ata_piix
[   12.187756] ata1: PATA max UDMA/33 cmd 0x1f0 ctl 0x3f6 bmdma 0xd000 irq 14
[   12.188437] ata2: PATA max UDMA/33 cmd 0x170 ctl 0x376 bmdma 0xd008 irq 15
[   12.189152] libphy: Fixed MDIO Bus: probed
[   12.189602] tun: Universal TUN/TAP device driver, 1.6
[   12.190150] PPP generic driver version 2.4.2
[   12.190632] ehci_hcd: USB 2.0 'Enhanced' Host Controller (EHCI) Driver
[   12.191276] ehci-pci: EHCI PCI platform driver
[   12.191740] ehci-platform: EHCI generic platform driver
[   12.192448] ohci_hcd: USB 1.1 'Open' Host Controller (OHCI) Driver
[   12.193058] ohci-pci: OHCI PCI platform driver
[   12.193520] ohci-platform: OHCI generic platform driver
[   12.194052] uhci_hcd: USB Universal Host Controller Interface driver
[   12.194701] i8042: PNP: PS/2 Controller [PNP0303:PS2K,PNP0f03:PS2M] at 0x60,0x64 irq 1,12
[   12.195924] serio: i8042 KBD port at 0x60,0x64 irq 1
[   12.196449] serio: i8042 AUX port at 0x60,0x64 irq 12
[   12.197069] mousedev: PS/2 mouse device common for all mice
[   12.198015] rtc_cmos rtc_cmos: rtc core: registered rtc_cmos as rtc0
[   12.198680] input: AT Translated Set 2 keyboard as /devices/platform/i8042/serio0/input/input2
[   12.199589] rtc_cmos rtc_cmos: alarms up to one day, 114 bytes nvram
[   12.200309] i2c /dev entries driver
[   12.200714] device-mapper: uevent: version 1.0.3
[   12.201239] device-mapper: ioctl: 4.37.0-ioctl (2017-09-20) initialised: dm-devel@redhat.com
[   12.312673] ledtrig-cpu: registered to indicate activity on CPUs
[   12.498766] NET: Registered protocol family 10
[   12.569442] Segment Routing with IPv6
[   12.645782] NET: Registered protocol family 17
[   12.685049] Key type dns_resolver registered
[   12.685758] RAS: Correctable Errors collector initialized.
[   12.762038] sched_clock: Marking stable (12762023257, 0)->(31851595847, -19089572590)
[   12.933454] registered taskstats version 1
[   12.933895] Loading compiled-in X.509 certificates
[   12.935925] Loaded X.509 cert 'Build time autogenerated kernel key: d77482c25b833df502ed38a87c5d7f330fdff3cb'
[   13.057063] zswap: loaded using pool lzo/zbud
[   13.060841] Key type big_key registered
[   13.061284] Key type trusted registered
[   13.063026] Key type encrypted registered
[   13.063512] AppArmor: AppArmor sha1 policy hashing enabled
[   13.064060] ima: No TPM chip found, activating TPM-bypass! (rc=-19)
[   13.071220] evm: HMAC attrs: 0x1
[   13.124576]   Magic number: 6:209:159
[   13.224237] rtc_cmos rtc_cmos: setting system clock to 2018-06-17 03:10:24 UTC (1529205024)
[   13.396670] BIOS EDD facility v0.16 2004-Jun-25, 0 devices found
[   13.490521] EDD information not available.
[   13.540217] Freeing unused kernel memory: 2408K
[   13.588230] Write protecting the kernel read-only data: 20480k
[   13.710931] Freeing unused kernel memory: 2008K
[   13.869599] Freeing unused kernel memory: 1904K
[   14.031911] x86/mm: Checked W+X mappings: passed, no W+X pages found.
[   14.098303] x86/mm: Checking user space page tables
[   14.102290] x86/mm: Checked W+X mappings: passed, no W+X pages found.
Loading, please wait...
starting version 237
[   14.136118] e1000: Intel(R) PRO/1000 Network Driver - version 7.3.21-k8-NAPI
[   14.136125] Fusion MPT base driver 3.04.20
[   14.136126] Copyright (c) 1999-2008 LSI Corporation
[   14.138119] e1000: Copyright (c) 1999-2006 Intel Corporation.
[   14.144960] Fusion MPT SPI Host driver 3.04.20
[   14.148605] AVX2 version of gcm_enc/dec engaged.
[   14.153772] AES CTR mode by8 optimization enabled
[   14.343735] input: ImExPS/2 Generic Explorer Mouse as /devices/platform/i8042/serio1/input/input4
[   14.491132] e1000 0000:00:03.0 eth0: (PCI:33MHz:32-bit) 02:9e:aa:99:f8:7d
[   14.491135] e1000 0000:00:03.0 eth0: Intel(R) PRO/1000 Network Connection
[   14.491775] mptbase: ioc0: Initiating bringup
[   14.617119] e1000 0000:00:03.0 enp0s3: renamed from eth0
[   14.700240] ioc0: LSI53C1030 A0: Capabilities={Initiator}
[   15.621898] scsi host2: ioc0: LSI53C1030 A0, FwRev=00000000h, Ports=1, MaxQ=256, IRQ=20
[   17.093057] scsi 2:0:0:0: Direct-Access     VBOX     HARDDISK         1.0  PQ: 0 ANSI: 5
[   17.436313] scsi target2:0:0: Beginning Domain Validation
[   18.435095] scsi target2:0:0: Domain Validation skipping write tests
[   19.369697] scsi target2:0:0: Ending Domain Validation
[   19.654311] scsi target2:0:0: asynchronous
[   19.700489] scsi 2:0:1:0: Direct-Access     VBOX     HARDDISK         1.0  PQ: 0 ANSI: 5
[   20.085108] scsi target2:0:1: Beginning Domain Validation
[   20.858135] scsi target2:0:1: Domain Validation skipping write tests
[   21.600154] scsi target2:0:1: Ending Domain Validation
[   21.600764] scsi target2:0:1: asynchronous
[   22.419917] sd 2:0:0:0: Attached scsi generic sg0 type 0
[   22.876824] sd 2:0:1:0: Attached scsi generic sg1 type 0
[   23.775715] sd 2:0:0:0: [sda] 20971520 512-byte logical blocks: (10.7 GB/10.0 GiB)
[   23.775937] sd 2:0:1:0: [sdb] 20480 512-byte logical blocks: (10.5 MB/10.0 MiB)
[   23.776078] sd 2:0:1:0: [sdb] Write Protect is off
[   23.776218] sd 2:0:1:0: [sdb] Incomplete mode parameter data
[   23.776219] sd 2:0:1:0: [sdb] Assuming drive cache: write through
[   23.777900] sd 2:0:1:0: [sdb] Attached SCSI disk
[   24.194286] sd 2:0:0:0: [sda] Write Protect is off
[   24.194933] sd 2:0:0:0: [sda] Incomplete mode parameter data
[   24.195497] sd 2:0:0:0: [sda] Assuming drive cache: write through
[   24.216021]  sda: sda1
[   24.471583] sd 2:0:0:0: [sda] Attached SCSI disk
Begin: Loading essential drivers ... [   26.652015] raid6: sse2x1   gen() 15114 MB/s
[   26.792062] raid6: sse2x1   xor() 10814 MB/s
[   26.916522] raid6: sse2x2   gen() 18781 MB/s
[   27.064816] raid6: sse2x2   xor() 12371 MB/s
[   27.208317] raid6: sse2x4   gen() 21492 MB/s
[   27.268008] raid6: sse2x4   xor() 12760 MB/s
[   27.424050] raid6: avx2x1   gen() 30447 MB/s
[   27.548016] raid6: avx2x1   xor() 21001 MB/s
[   27.664127] raid6: avx2x2   gen() 34887 MB/s
[   27.720737] raid6: avx2x2   xor() 22435 MB/s
[   27.772015] raid6: avx2x4   gen() 42744 MB/s
[   27.856421] raid6: avx2x4   xor() 25655 MB/s
[   27.936536] raid6: using algorithm avx2x4 gen() 42744 MB/s
[   28.035188] raid6: .... xor() 25655 MB/s, rmw enabled
[   28.136575] raid6: using avx2x2 recovery algorithm
[   28.204958] xor: automatically using best checksumming function   avx       
[   28.206452] async_tx: api initialized (async)
done.
Begin: Running /scripts/init-premount ... done.
Begin: Mountin[   28.235726] Btrfs loaded, crc32c=crc32c-intel
g root file system ... Begin: Running /scripts/local-top ... done.
Begin: Running /scripts/local-premount ... Scanning for Btrfs filesystems
[   28.281950] EXT4-fs (sda1): mounted filesystem with ordered data mode. Opts: (null)
done.
Warning: fsck not present, so skipping root file system
done.
Begin: Running /scripts/local-bottom ... done.
Begin: Running /scripts/init-bottom ... done.
[   29.115930] ip_tables: (C) 2000-2006 Netfilter Core Team
[   29.206727] systemd[1]: systemd 237 running in system mode. (+PAM +AUDIT +SELINUX +IMA +APPARMOR +SMACK +SYSVINIT +UTMP +LIBCRYPTSETUP +GCRYPT +GNUTLS +ACL +XZ +LZ4 +SECCOMP +BLKID +ELFUTILS +KMOD -IDN2 +IDN -PCRE2 default-hierarchy=hybrid)
[   29.245244] systemd[1]: Detected virtualization oracle.
[   29.245785] systemd[1]: Detected architecture x86-64.

Welcome to [1mUbuntu 18.04 LTS[0m!

[   29.322465] systemd[1]: Set hostname to <dev>.
[   29.473819] random: crng init done
[   31.293954] systemd[1]: Reached target Swap.
[[0;32m  OK  [0m] Reached target Swap.
[   31.296393] systemd[1]: Created slice User and Session Slice.
[[0;32m  OK  [0m] Created slice User and Session Slice.
[   31.297599] systemd[1]: Reached target User and Group Name Lookups.
[[0;32m  OK  [0m] Reached target User and Group Name Lookups.
[   31.299021] systemd[1]: Created slice System Slice.
[[0;32m  OK  [0m] Created slice System Slice.
[   31.300146] systemd[1]: Listening on Journal Socket (/dev/log).
[[0;32m  OK  [0m] Listening on Journal Socket (/dev/log).
[   31.301520] systemd[1]: Created slice system-serial\x2dgetty.slice.
[[0;32m  OK  [0m] Created slice system-serial\x2dgetty.slice.
[[0;32m  OK  [0m] Listening on Journal Socket.
         Starting Uncomplicated firewall...
[[0;32m  OK  [0m] Listening on Device-mapper event daemon FIFOs.
         Mounting POSIX Message Queue File System...
[[0;32m  OK  [0m] Listening on LVM2 poll daemon socket.
         Starting Load Kernel Modules...
[[0;32m  OK  [0m] Listening on [   31.517413] lp: driver loaded but no devices found
Syslog Socket.
[   32.185860] ppdev: user-space parallel port driver
[[0;32m  OK  [0m] Reached target Slices.
         Mounting Kernel Debug File System...
         Starting Create list of required stâ€¦ce nodes for the current kernel...
[[0;32m  OK  [0[   32.863107] Loading iSCSI transport class v2.0-870.
m] Set up automount Arbitrary Executabâ€¦rmats File System Autom[   32.902683] iscsi: registered transport (tcp)
ount Point.
[[0;32m  OK  [0[   32.944726] iscsi: registered transport (iser)
m] Listening on udev Kernel Socket.
[[0;32m  OK  [0m] Started Forward Password Requests to Wall Directory Watch.
[[0;32m  OK  [0m] Listening on LVM2 metadata daemon socket.
         Starting Remount[   33.166152] EXT4-fs (sda1): re-mounted. Opts: (null)
 Root and Kernel File Systems...
[[0;32m  OK  [0m] Reached target System Time Synchronized.
[[0;32m  OK  [0m] Listening on Network Service Netlink Socket.
[[0;32m  OK  [0m] Listening on Journal Audit Socket.
         Starting Monitoring of LVM2 mirrorsâ€¦ng dmeventd or progress polling...
         Starting Set the console keyboard layout...
[[0;32m  OK  [0m] Listening on /dev/initctl Compatibility Named Pipe.
[[0;32m  OK  [0m] Listening on udev Control Socket.
         Starting udev Coldplug all Devices...
         Mounting Huge Pages File System...
         Starting Journal Service...
[[0;32m  OK  [0m] Started Uncomplicated firewall.
[[0;32m  OK  [0m] Mounted POSIX Message Queue File System.
[[0;32m  OK  [0m] Started Load Kernel Modules.
[[0;32m  OK  [0m] Mounted Kernel Debug File System.
[[0;32m  OK  [0m] Started Create list of required staâ€¦vice nodes for the current kernel.
[[0;32m  OK  [0m] Started Remount Root and Kernel File Systems.
[[0;32m  OK  [0m] Mounted Huge Pages File System.
[[0;32m  OK  [0m] Started Journal Service.
[[0;32m  OK  [0m] Started udev Coldplug all Devices.
[[0;32m  OK  [0m] Started LVM2 metadata daemon.
         Starting Initial cloud-init job (pre-networking)...
         Starting Flush Journal to Persistent Storage...
         Starting Load/Save Random Seed...
         Starting Create Static Device Nodes in /dev...
         Starting Apply Kernel Variables...
         Mounting Kernel Configuration File System...
         Mounting FUSE Control File System...
[[0;32m  OK  [0m] Started Monitoring of LVM2 mirrors,â€¦sing dmeventd or progress polling.
[[0;32m  OK  [0m] Started Load/Save Random Seed.
[[0;32m  OK  [0m] Mounted Kernel Configuration File System.
[[0;32m  OK  [0m] Mounted FUSE Control File System.
[[0;32m  OK  [0m] Started Create Static Device Nodes in /dev.
         Starting udev Kernel Device Manager...
[[0;32m  OK  [0m] Started Apply Kernel Variables.
[[0;32m  OK  [0m] Started Set the console keyboard layout.
[[0;32m  OK  [0m] Reached target Local File Systems (Pre).
[[0;32m  OK  [0m] Reached target Local File Systems.
         Starting Tell Plymouth To Write Out Runtime Data...
         Starting Clean up any mess left by 0dns-up...
         Starting AppArmor initialization...
         Starting ebtables ruleset management...
         Starting Set console font and keymap...
[[0;32m  OK  [0m] Started Tell Plymouth To Write Out Runtime Data.
[[0;32m  OK  [0m] Started Flush Journal to Persistent Storage.
         Starting Create Volatile Files and Directories...
[[0;32m  OK  [0m] Started udev Kernel Device Manager.
[[0;32m  OK  [0m] Started Dispatch Password Requests to Console Directory Watch.
[[0;32m  OK  [0m] Reached target Local Encrypted Volumes.
[[0;32m  OK  [0m] Found device /dev/ttyS0.
[[0;32m  OK  [0m] Started Clean up any mess left by 0dns-up.
[[0;32m  OK  [0m] Started Create Volatile Files and Directories.
         Starting Update UTMP about System Boot/Shutdown...
[[0;32m  OK  [0m] Started ebtables ruleset management.
[[0;32m  OK  [0m] Started Set console font and keymap.
[[0;32m  OK  [0m] Started Update UTMP about System Boot/Shutdown.
[[0;32m  OK  [0m] Listening on Load/Save RF Kill Switch Status /dev/rfkill Watch.
[[0;32m  OK  [0m] Started AppArmor initialization.
[   41.248379] cloud-init[473]: Cloud-init v. 18.2 running 'init-local' at Sun, 17 Jun 2018 03:10:52 +0000. Up 40.98 seconds.
[[0;32m  OK  [0m] Started Initial cloud-init job (pre-networking).
[[0;32m  OK  [0m] Reached target Network (Pre).
         Starting Raise network interfaces...
         Starting Network Service...
[[0;32m  OK  [0m] Started Network Service.
         Starting Network Name Resolution...
         Starting Wait for Network to be Configured...
[[0;32m  OK  [0m] Started Raise network interfaces.
[[0;32m  OK  [0m] Started Network Name Resolution.
[[0;32m  OK  [0m] Reached target Host and Network Name Lookups.
[[0;32m  OK  [0m] Started Wait for Network to be Configured.
         Starting Initial cloud-init job (metadata service crawler)...
[   43.321893] cloud-init[1072]: Cloud-init v. 18.2 running 'init' at Sun, 17 Jun 2018 03:10:54 +0000. Up 42.87 seconds.
[   43.336656] cloud-init[1072]: ci-info: ++++++++++++++++++++++++++++++++++++++Net device info++++++++++++++++++++++++++++++++++++++
[[   43.360807] cloud-init[1072]: ci-info: +--------+------+----------------------------+---------------+--------+-------------------+
[   43.360988] cloud-init[1072]: ci-info: | Device |  Up  |          Address           |      Mask     | Scope  |     Hw-Address    |
[   43.361141] cloud-init[1072]: ci-info: +--------+------+----------------------------+---------------+--------+-------------------+
[   43.361229] cloud-init[1072]: ci-info: | enp0s3 | True |         10.0.2.15          | 255.255.255.0 | global | 02:9e:aa:99:f8:7d |
[   43.361315] cloud-init[1072]: ci-info: | enp0s3 | True | fe80::9e:aaff:fe99:f87d/64 |       .       |  link  | 02:9e:aa:99:f8:7d |
[   43.361401] cloud-init[1072]: ci-info: |   lo   | True |         127.0.0.1          |   255.0.0.0   |  host  |         .         |
[   43.361487] cloud-init[1072]: ci-info: |   lo   | True |          ::1/128           |       .       |  host  |         .         |
[   43.361577] cloud-init[1072]: ci-info: +--------+------+----------------------------+---------------+--------+-------------------+
[   43.361661] cloud-init[1072]: ci-info: ++++++++++++++++++++++++++++Route IPv4 info+++++++++++++++++++++++++++++
[   43.361748] cloud-init[1072]: ci-info: +-------+-------------+----------+-----------------+-----------+-------+
[   43.361846] cloud-init[1072]: ci-info: | Route | Destination | Gateway  |     Genmask     | Interface | Flags |
[   43.361923] cloud-init[1072]: ci-info: +-------+-------------+----------+-----------------+-----------+-------+
[   43.362011] cloud-init[1072]: ci-info: |   0   |   0.0.0.0   | 10.0.2.2 |     0.0.0.0     |   enp0s3  |   UG  |
[   43.362097] cloud-init[1072]: ci-info: |   1   |   10.0.2.0  | 0.0.0.0  |  255.255.255.0  |   enp0s3  |   U   |
[   43.362181] cloud-init[1072]: ci-info: |   2   |   10.0.2.2  | 0.0.0.0  | 255.255.255.255 |   enp0s3  |   UH  |
[   43.362268] cloud-init[1072]: ci-info: +-------+-------------+----------+-----------------+-----------+-------+
[   43.362353] cloud-init[1072]: ci-info: +++++++++++++++++++Route IPv6 info+++++++++++++++++++
[   43.362439] cloud-init[1072]: ci-info: +-------+-------------+---------+-----------+-------+
[   43.362528] cloud-init[1072]: ci-info: | Route | Destination | Gateway | Interface | Flags |
[   43.362612] cloud-init[1072]: ci-info: +-------+-------------+---------+-----------+-------+
[   43.362698] cloud-init[1072]: ci-info: |   1   |  fe80::/64  |    ::   |   enp0s3  |   U   |
[   43.362784] cloud-init[1072]: ci-info: |   3   |    local    |    ::   |   enp0s3  |   U   |
[   43.363007] cloud-init[1072]: ci-info: |   4   |   ff00::/8  |    ::   |   enp0s3  |   U   |
[   43.363103] cloud-init[1072]: ci-info: +-------+-------------+---------+-----------+-------+
[0;32m  OK  [0m] Started Initial cloud-init job (metadata service crawler).
[[0;32m  OK  [0m] Reached target Cloud-config availability.
[[0;32m  OK  [0m] Reached target System Initialization.
[[0;32m  OK  [0m] Listening on UUID daemon activation socket.
[[0;32m  OK  [0m] Started Daily apt download activities.
[[0;32m  OK  [0m] Started Trigger anacron every hour.
[[0;32m  OK  [0m] Listening on ACPID Listen Socket.
[[0;32m  OK  [0m] Listening on CUPS Scheduler.
[[0;32m  OK  [0m] Started Message of the Day.
[[0;32m  OK  [0m] Started CUPS Scheduler.
         Starting LXD - unix socket.
[[0;32m  OK  [0m] Listening on D-Bus System Message Bus Socket.
[[0;32m  OK  [0m] Started ACPI Events Check.
[[0;32m  OK  [0m] Reached target Paths.
[[0;32m  OK  [0m] Started Daily Cleanup of Temporary Directories.
[[0;32m  OK  [0m] Started Daily apt upgrade and clean activities.
[[0;32m  OK  [0m] Started Discard unused blocks once a week.
[[0;32m  OK  [0m] Reached target Timers.
         Starting Socket activation for snappy daemon.
[[0;32m  OK  [0m] Listening on Avahi mDNS/DNS-SD Stack Activation Socket.
[[0;32m  OK  [0m] Listening on LXD - unix socket.
[[0;32m  OK  [0m] Listening on Socket activation for snappy daemon.
[[0;32m  OK  [0m] Reached target Sockets.
[[0;32m  OK  [0m] Reached target Basic System.
         Starting Accounts Service...
[[0;32m  OK  [0m] Started D-Bus System Message Bus.
         Starting Detect the available GPUs and deal with any system changes...
         Starting Disk Manager...
[[0;32m  OK  [0m] Started Deferred execution scheduler.
[[0;32m  OK  [0m] Started CUPS Scheduler.
         Starting Modem Manager...
         Starting Network Manager...
         Starting Restore /etc/resolv.conf iâ€¦fore the ppp link was shut down...
         Starting WPA supplicant...
         Starting Virtualbox guest utils...
[[0;32m  OK  [0m] Started Run anacron jobs.
         Starting LSB: Record successful boot for GRUB...
[[0;32m  OK  [0m] Started ACPI event daemon.
[[0;32m  OK  [0m] Started FUSE filesystem for LXC.
         Starting Dispatcher daemon for systemd-networkd...
         Starting System Logging Service...
         Starting Avahi mDNS/DNS-SD Stack...
[[0;32m  OK  [0m] Started Regular background program processing daemon.
         Starting Login Service...
         Starting Snappy daemon...
[[0;32m  OK  [0m] Started irqbalance daemon.
         Starting LXD - container startup/shutdown...
[[0;32m  OK  [0m] Started System Logging Service.
[[0;32m  OK  [0m] Started Detect the available GPUs and deal with any system changes.
[[0;32m  OK  [0m] Started Restore /etc/resolv.conf ifâ€¦before the ppp link was shut down.
[[0;32m  OK  [0m] Started WPA supplicant.
[[0;32m  OK  [0m] Started Avahi mDNS/DNS-SD Stack.
[[0;32m  OK  [0m] Started Login Service.
[[0;32m  OK  [0m] Started Make remote CUPS printers available locally.
         Starting Authorization Manager...
[[0;32m  OK  [0m] Started Authorization Manager.
[[0;32m  OK  [0m] Started Accounts Service.
[[0;32m  OK  [0m] Started Disk Manager.
[[0;32m  OK  [0m] Started LSB: Record successful boot for GRUB.
[[0;32m  OK  [0m] Started Virtualbox guest utils.
[[0;32m  OK  [0m] Started Snappy daemon.
         Starting Wait until snapd is fully seeded...
[[0;32m  OK  [0m] Started Dispatcher daemon for systemd-networkd.
[[0;32m  OK  [0m] Started Modem Manager.
[[0;32m  OK  [0m] Started Wait until snapd is fully seeded.
         Starting Hostname Service...
[[0;32m  OK  [0m] Started Hostname Service.
[[0;32m  OK  [0m] Started LXD - container startup/shutdown.
[[0;32m  OK  [0m] Started Network Manager.
         Starting Network Manager Wait Online...
[[0;32m  OK  [0m] Reached target Network.
[[0;32m  OK  [0m] Started Unattended Upgrades Shutdown.
         Starting Network Manager Script Dispatcher Service...
[[0;32m  OK  [0m] Started Network Manager Script Dispatcher Service.
[[0;32m  OK  [0m] Started Network Manager Wait Online.
[[0;32m  OK  [0m] Reached target Network is Online.
         Starting Apply the settings specified in cloud-config...
         Starting OpenBSD Secure Shell server...
         Starting iSCSI initiator daemon (iscsid)...
[[0;32m  OK  [0m] Started crash report submission daemon.
[[0;32m  OK  [0m] Started OpenBSD Secure Shell server.
[[0;32m  OK  [0m] Started iSCSI initiator daemon (iscsid).
         Starting Availability of block devices...
[[0;32m  OK  [0m] Reached target Remote File Systems (Pre).
[[0;32m  OK  [0m] Reached target Remote File Systems.
         Starting LSB: Speech Dispatcher...
         Starting Tool to automatically collâ€¦ submit kernel crash signatures...
         Starting LSB: automatic crash report generation...
         Starting Permit User Sessions...
[[0;32m  OK  [0m] Started Availability of block devices.
[   50.780471] cloud-init[1671]: Cloud-init v. 18.2 running 'modules:config' at Sun, 17 Jun 2018 03:11:01 +0000. Up 50.56 seconds.
[[0;32m  OK  [0m] Started Apply the settings specified in cloud-config.
[[0;32m  OK  [0m] Started Tool to automatically colleâ€¦nd submit kernel crash signatures.
[[0;32m  OK  [0m] Started Permit User Sessions.
         Starting Hold until boot process finishes up...
         Starting GNOME Display Manager...
[[0;32m  OK  [0m] Started Hold until boot process finishes up.
         Starting Set console scheme...
[[0;32m  OK  [0m] Started Serial Getty on ttyS0.
[[0;32m  OK  [0m] Reached target Login Prompts.
[[0;32m  OK  [0m] Started LSB: Speech Dispatcher.
[[0;32m  OK  [0m] Started Set console scheme.
[[0;32m  OK  [0m] Started LSB: automatic crash report generation.
[[0;32m  OK  [0m] Reached target Multi-User System.
         Starting Execute cloud user/final scripts...
[[0;32m  OK  [0m] Created slice system-getty.slice.
[[0;32m  OK  [0m] Started GNOME Display Manager.
[[0;32m  OK  [0m] Reached target Graphical Interface.
         Starting Update UTMP about System Runlevel Changes...
[[0;32m  OK  [0m] Started Update UTMP about System Runlevel Changes.
[   51.525535] cloud-init[1909]: Cloud-init v. 18.2 running 'modules:final' at Sun, 17 Jun 2018 03:11:02 +0000. Up 51.32 seconds.
[   51.526745] cloud-init[1909]: Cloud-init v. 18.2 finished at Sun, 17 Jun 2018 03:11:02 +0000. Datasource DataSourceNoCloud [seed=/dev/sdb][dsmode=net].  Up 51.52 seconds
[[0;32m  OK  [0m] Started Execute cloud user/final scripts.
[[0;32m  OK  [0m] Created slice User Slice of gdm.
[[0;32m  OK  [0m] Reached target Cloud-init target.

Ubuntu 18.04 LTS dev ttyS0

dev login: 